// Jest Snapshot v1, https://goo.gl/fbAQLP

exports[`App 1`] = `
<div
  className="sb-app sc-bdVaJa dVZBp"
/>
`;
