// Jest Snapshot v1, https://goo.gl/fbAQLP

exports[`Col 1`] = `
<div
  className=""
/>
`;
