// Jest Snapshot v1, https://goo.gl/fbAQLP

exports[`Row 1`] = `
<div
  className="row"
  style={undefined}
/>
`;
